
> glob2-online-website@0.1.0 test
> playwright test --workers=2

[WebServer] (node:87110) Warning: The 'NO_COLOR' env is ignored due to the 'FORCE_COLOR' env being set.
[WebServer] (Use `node --trace-warnings ...` to show where the warning was created)

Running 147 tests using 2 workers

(node:87112) Warning: The 'NO_COLOR' env is ignored due to the 'FORCE_COLOR' env being set.
(Use `node --trace-warnings ...` to show where the warning was created)
(node:87111) Warning: The 'NO_COLOR' env is ignored due to the 'FORCE_COLOR' env being set.
(Use `node --trace-warnings ...` to show where the warning was created)
  ✓    1 [chromium] › tests/colony.spec.ts:3:1 › colony video supports byte ranges used by media playback (23ms)
  ✓    2 [chromium] › tests/colony.spec.ts:19:1 › real colony video pauses and respects reduced motion (346ms)
  ✓    3 [chromium] › tests/colony.spec.ts:34:1 › reduced motion never requests the video and failure retains a poster (343ms)
  ✓    4 [chromium] › tests/colony.spec.ts:49:1 › pause keeps the resume control when a pending play is cancelled (306ms)
  ✓    5 [chromium] › tests/downloads.spec.ts:5:3 › download choices reflow and remain accessible light 360 (483ms)
  ✓    6 [chromium] › tests/downloads.spec.ts:5:3 › download choices reflow and remain accessible light 768 (421ms)
  ✓    7 [chromium] › tests/downloads.spec.ts:5:3 › download choices reflow and remain accessible light 1440 (410ms)
  ✓    8 [chromium] › tests/downloads.spec.ts:5:3 › download choices reflow and remain accessible dark 360 (406ms)
  ✓    9 [chromium] › tests/downloads.spec.ts:5:3 › download choices reflow and remain accessible dark 768 (394ms)
  ✓   11 [chromium] › tests/downloads.spec.ts:15:1 › unpublished downloads do not advertise planned packages (245ms)
  ✓   10 [chromium] › tests/downloads.spec.ts:5:3 › download choices reflow and remain accessible dark 1440 (563ms)
  ✓   12 [chromium] › tests/downloads.spec.ts:22:1 › platform choices work with JavaScript disabled and keyboard navigation (143ms)
  ✓   14 [chromium] › tests/journeys.spec.ts:4:75 › usable and accessible /game/ (light) (386ms)
  ✓   13 [chromium] › tests/journeys.spec.ts:4:75 › usable and accessible / (light) (421ms)
  ✓   16 [chromium] › tests/journeys.spec.ts:4:75 › usable and accessible /community/ (light) (340ms)
  ✓   15 [chromium] › tests/journeys.spec.ts:4:75 › usable and accessible /learn/ (light) (363ms)
  ✓   18 [chromium] › tests/journeys.spec.ts:4:75 › usable and accessible /news/ (light) (318ms)
  ✓   17 [chromium] › tests/journeys.spec.ts:4:75 › usable and accessible /competition/ (light) (343ms)
  ✓   19 [chromium] › tests/journeys.spec.ts:4:75 › usable and accessible /downloads/ (light) (348ms)
  ✓   20 [chromium] › tests/journeys.spec.ts:4:75 › usable and accessible /history/ (light) (334ms)
  ✓   21 [chromium] › tests/journeys.spec.ts:4:75 › usable and accessible /archive/ (light) (334ms)
  ✓   22 [chromium] › tests/journeys.spec.ts:4:75 › usable and accessible /search/ (light) (344ms)
  ✓   24 [chromium] › tests/journeys.spec.ts:4:75 › usable and accessible /game/ (dark) (366ms)
  ✓   23 [chromium] › tests/journeys.spec.ts:4:75 › usable and accessible / (dark) (461ms)
  ✓   25 [chromium] › tests/journeys.spec.ts:4:75 › usable and accessible /learn/ (dark) (352ms)
  ✓   26 [chromium] › tests/journeys.spec.ts:4:75 › usable and accessible /community/ (dark) (348ms)
  ✓   27 [chromium] › tests/journeys.spec.ts:4:75 › usable and accessible /competition/ (dark) (332ms)
  ✓   28 [chromium] › tests/journeys.spec.ts:4:75 › usable and accessible /news/ (dark) (339ms)
  ✓   29 [chromium] › tests/journeys.spec.ts:4:75 › usable and accessible /downloads/ (dark) (356ms)
  ✓   30 [chromium] › tests/journeys.spec.ts:4:75 › usable and accessible /history/ (dark) (325ms)
  ✓   31 [chromium] › tests/journeys.spec.ts:4:75 › usable and accessible /archive/ (dark) (322ms)
  ✓   32 [chromium] › tests/journeys.spec.ts:4:75 › usable and accessible /search/ (dark) (353ms)
  ✓   33 [chromium] › tests/journeys.spec.ts:12:1 › homepage is lightweight and handoff explicit (156ms)
  ✓   34 [chromium] › tests/journeys.spec.ts:27:1 › live data pages hand off to the app (130ms)
  ✓   36 [chromium] › tests/journeys.spec.ts:42:1 › keyboard skip link and reduced motion (184ms)
  ✓   35 [chromium] › tests/journeys.spec.ts:33:1 › mobile and zoom reflow (324ms)
  ✓   37 [chromium] › tests/journeys.spec.ts:46:1 › guides history and events are honest (236ms)
  ✓   39 [chromium] › tests/journeys.spec.ts:56:1 › content remains browsable without JavaScript (176ms)
  ✓   40 [chromium] › tests/journeys.spec.ts:62:91 › rankings fresh (95ms)
  ✓   41 [chromium] › tests/journeys.spec.ts:62:91 › rankings stale (79ms)
  ✓   42 [chromium] › tests/journeys.spec.ts:62:91 › rankings empty (72ms)
  ✓   43 [chromium] › tests/journeys.spec.ts:62:91 › rankings invalid (68ms)
  ✓   44 [chromium] › tests/journeys.spec.ts:62:91 › rankings unavailable (73ms)
  ✓   45 [chromium] › tests/journeys.spec.ts:62:91 › rankings unsafe (77ms)
  ✓   38 [chromium] › tests/journeys.spec.ts:52:1 › static search can find current and historical content (908ms)
  ✓   46 [chromium] › tests/journeys.spec.ts:75:1 › dark mode follows the system and keeps the game look (117ms)
  ✓   47 [chromium] › tests/journeys.spec.ts:84:1 › search box has a visible label (103ms)
  ✓   48 [chromium] › tests/journeys.spec.ts:88:1 › phone navigation targets are thumb-sized (202ms)
  ✓   49 [chromium] › tests/journeys.spec.ts:95:1 › new player can understand the game and reach a practical first session (320ms)
(node:87251) Warning: The 'NO_COLOR' env is ignored due to the 'FORCE_COLOR' env being set.
(Use `node --trace-warnings ...` to show where the warning was created)
  ✓   50 [firefox] › tests/colony.spec.ts:3:1 › colony video supports byte ranges used by media playback (18ms)
(node:87261) Warning: The 'NO_COLOR' env is ignored due to the 'FORCE_COLOR' env being set.
(Use `node --trace-warnings ...` to show where the warning was created)
  ✓   51 [firefox] › tests/colony.spec.ts:34:1 › reduced motion never requests the video and failure retains a poster (955ms)
  ✓   53 [firefox] › tests/colony.spec.ts:49:1 › pause keeps the resume control when a pending play is cancelled (462ms)
  ✓   52 [firefox] › tests/colony.spec.ts:19:1 › real colony video pauses and respects reduced motion (1.1s)
  ✓   54 [firefox] › tests/downloads.spec.ts:5:3 › download choices reflow and remain accessible light 360 (695ms)
  ✓   55 [firefox] › tests/downloads.spec.ts:5:3 › download choices reflow and remain accessible light 768 (677ms)
  ✓   56 [firefox] › tests/downloads.spec.ts:5:3 › download choices reflow and remain accessible light 1440 (637ms)
  ✓   57 [firefox] › tests/downloads.spec.ts:5:3 › download choices reflow and remain accessible dark 360 (625ms)
  ✓   59 [firefox] › tests/downloads.spec.ts:5:3 › download choices reflow and remain accessible dark 1440 (641ms)
  ✓   58 [firefox] › tests/downloads.spec.ts:5:3 › download choices reflow and remain accessible dark 768 (688ms)
  ✓   60 [firefox] › tests/downloads.spec.ts:15:1 › unpublished downloads do not advertise planned packages (224ms)
  ✓   61 [firefox] › tests/downloads.spec.ts:22:1 › platform choices work with JavaScript disabled and keyboard navigation (233ms)
  ✓   62 [firefox] › tests/journeys.spec.ts:4:75 › usable and accessible / (light) (721ms)
  ✓   63 [firefox] › tests/journeys.spec.ts:4:75 › usable and accessible /game/ (light) (705ms)
  ✓   65 [firefox] › tests/journeys.spec.ts:4:75 › usable and accessible /community/ (light) (549ms)
  ✓   64 [firefox] › tests/journeys.spec.ts:4:75 › usable and accessible /learn/ (light) (774ms)
  ✓   66 [firefox] › tests/journeys.spec.ts:4:75 › usable and accessible /competition/ (light) (574ms)
  ✓   67 [firefox] › tests/journeys.spec.ts:4:75 › usable and accessible /news/ (light) (556ms)
  ✓   69 [firefox] › tests/journeys.spec.ts:4:75 › usable and accessible /history/ (light) (535ms)
  ✓   68 [firefox] › tests/journeys.spec.ts:4:75 › usable and accessible /downloads/ (light) (1.2s)
  ✓   71 [firefox] › tests/journeys.spec.ts:4:75 › usable and accessible /search/ (light) (561ms)
  ✓   70 [firefox] › tests/journeys.spec.ts:4:75 › usable and accessible /archive/ (light) (1.1s)
  ✓   73 [firefox] › tests/journeys.spec.ts:4:75 › usable and accessible /game/ (dark) (633ms)
  ✓   72 [firefox] › tests/journeys.spec.ts:4:75 › usable and accessible / (dark) (810ms)
  ✓   74 [firefox] › tests/journeys.spec.ts:4:75 › usable and accessible /learn/ (dark) (589ms)
  ✓   75 [firefox] › tests/journeys.spec.ts:4:75 › usable and accessible /community/ (dark) (624ms)
  ✓   76 [firefox] › tests/journeys.spec.ts:4:75 › usable and accessible /competition/ (dark) (628ms)
  ✓   77 [firefox] › tests/journeys.spec.ts:4:75 › usable and accessible /news/ (dark) (587ms)
  ✓   78 [firefox] › tests/journeys.spec.ts:4:75 › usable and accessible /downloads/ (dark) (594ms)
  ✓   79 [firefox] › tests/journeys.spec.ts:4:75 › usable and accessible /history/ (dark) (547ms)
  ✓   80 [firefox] › tests/journeys.spec.ts:4:75 › usable and accessible /archive/ (dark) (566ms)
  ✓   81 [firefox] › tests/journeys.spec.ts:4:75 › usable and accessible /search/ (dark) (569ms)
  ✓   82 [firefox] › tests/journeys.spec.ts:12:1 › homepage is lightweight and handoff explicit (366ms)
  ✓   83 [firefox] › tests/journeys.spec.ts:27:1 › live data pages hand off to the app (286ms)
  ✓   85 [firefox] › tests/journeys.spec.ts:42:1 › keyboard skip link and reduced motion (252ms)
  ✓   84 [firefox] › tests/journeys.spec.ts:33:1 › mobile and zoom reflow (619ms)
  ✓   86 [firefox] › tests/journeys.spec.ts:46:1 › guides history and events are honest (439ms)
  ✓   87 [firefox] › tests/journeys.spec.ts:52:1 › static search can find current and historical content (569ms)
  ✓   89 [firefox] › tests/journeys.spec.ts:62:91 › rankings fresh (195ms)
  ✓   88 [firefox] › tests/journeys.spec.ts:56:1 › content remains browsable without JavaScript (1.2s)
  ✓   91 [firefox] › tests/journeys.spec.ts:62:91 › rankings empty (202ms)
  ✓   92 [firefox] › tests/journeys.spec.ts:62:91 › rankings invalid (190ms)
  ✓   90 [firefox] › tests/journeys.spec.ts:62:91 › rankings stale (908ms)
  ✓   93 [firefox] › tests/journeys.spec.ts:62:91 › rankings unavailable (198ms)
  ✓   94 [firefox] › tests/journeys.spec.ts:62:91 › rankings unsafe (230ms)
  ✓   95 [firefox] › tests/journeys.spec.ts:75:1 › dark mode follows the system and keeps the game look (259ms)
  ✓   96 [firefox] › tests/journeys.spec.ts:84:1 › search box has a visible label (245ms)
  ✓   97 [firefox] › tests/journeys.spec.ts:88:1 › phone navigation targets are thumb-sized (404ms)
  ✓   98 [firefox] › tests/journeys.spec.ts:95:1 › new player can understand the game and reach a practical first session (550ms)
(node:87372) Warning: The 'NO_COLOR' env is ignored due to the 'FORCE_COLOR' env being set.
(Use `node --trace-warnings ...` to show where the warning was created)
  ✓   99 [webkit] › tests/colony.spec.ts:3:1 › colony video supports byte ranges used by media playback (18ms)
(node:87373) Warning: The 'NO_COLOR' env is ignored due to the 'FORCE_COLOR' env being set.
(Use `node --trace-warnings ...` to show where the warning was created)
  ✓  100 [webkit] › tests/colony.spec.ts:34:1 › reduced motion never requests the video and failure retains a poster (899ms)
  ✓  101 [webkit] › tests/colony.spec.ts:19:1 › real colony video pauses and respects reduced motion (1.1s)
  ✓  102 [webkit] › tests/colony.spec.ts:49:1 › pause keeps the resume control when a pending play is cancelled (453ms)
  ✓  103 [webkit] › tests/downloads.spec.ts:5:3 › download choices reflow and remain accessible light 360 (655ms)
  ✓  104 [webkit] › tests/downloads.spec.ts:5:3 › download choices reflow and remain accessible light 768 (636ms)
  ✓  105 [webkit] › tests/downloads.spec.ts:5:3 › download choices reflow and remain accessible light 1440 (631ms)
  ✓  106 [webkit] › tests/downloads.spec.ts:5:3 › download choices reflow and remain accessible dark 360 (643ms)
  ✓  107 [webkit] › tests/downloads.spec.ts:5:3 › download choices reflow and remain accessible dark 768 (613ms)
  ✓  108 [webkit] › tests/downloads.spec.ts:5:3 › download choices reflow and remain accessible dark 1440 (634ms)
  ✓  109 [webkit] › tests/downloads.spec.ts:15:1 › unpublished downloads do not advertise planned packages (216ms)
  ✓  110 [webkit] › tests/downloads.spec.ts:22:1 › platform choices work with JavaScript disabled and keyboard navigation (227ms)
  ✓  111 [webkit] › tests/journeys.spec.ts:4:75 › usable and accessible / (light) (737ms)
  ✓  112 [webkit] › tests/journeys.spec.ts:4:75 › usable and accessible /game/ (light) (608ms)
  ✓  113 [webkit] › tests/journeys.spec.ts:4:75 › usable and accessible /learn/ (light) (578ms)
  ✓  114 [webkit] › tests/journeys.spec.ts:4:75 › usable and accessible /community/ (light) (560ms)
  ✓  115 [webkit] › tests/journeys.spec.ts:4:75 › usable and accessible /competition/ (light) (572ms)
  ✓  116 [webkit] › tests/journeys.spec.ts:4:75 › usable and accessible /news/ (light) (547ms)
  ✓  118 [webkit] › tests/journeys.spec.ts:4:75 › usable and accessible /history/ (light) (546ms)
  ✓  117 [webkit] › tests/journeys.spec.ts:4:75 › usable and accessible /downloads/ (light) (600ms)
  ✓  119 [webkit] › tests/journeys.spec.ts:4:75 › usable and accessible /archive/ (light) (556ms)
  ✓  120 [webkit] › tests/journeys.spec.ts:4:75 › usable and accessible /search/ (light) (579ms)
  ✓  122 [webkit] › tests/journeys.spec.ts:4:75 › usable and accessible /game/ (dark) (597ms)
  ✓  121 [webkit] › tests/journeys.spec.ts:4:75 › usable and accessible / (dark) (726ms)
  ✓  123 [webkit] › tests/journeys.spec.ts:4:75 › usable and accessible /learn/ (dark) (564ms)
  ✓  124 [webkit] › tests/journeys.spec.ts:4:75 › usable and accessible /community/ (dark) (574ms)
  ✓  125 [webkit] › tests/journeys.spec.ts:4:75 › usable and accessible /competition/ (dark) (572ms)
  ✓  126 [webkit] › tests/journeys.spec.ts:4:75 › usable and accessible /news/ (dark) (560ms)
  ✓  127 [webkit] › tests/journeys.spec.ts:4:75 › usable and accessible /downloads/ (dark) (591ms)
  ✓  128 [webkit] › tests/journeys.spec.ts:4:75 › usable and accessible /history/ (dark) (549ms)
  ✓  129 [webkit] › tests/journeys.spec.ts:4:75 › usable and accessible /archive/ (dark) (598ms)
  ✓  130 [webkit] › tests/journeys.spec.ts:4:75 › usable and accessible /search/ (dark) (608ms)
  ✓  132 [webkit] › tests/journeys.spec.ts:27:1 › live data pages hand off to the app (317ms)
  ✓  131 [webkit] › tests/journeys.spec.ts:12:1 › homepage is lightweight and handoff explicit (393ms)
  ✓  134 [webkit] › tests/journeys.spec.ts:42:1 › keyboard skip link and reduced motion (280ms)
  ✓  135 [webkit] › tests/journeys.spec.ts:46:1 › guides history and events are honest (472ms)
  ✓  133 [webkit] › tests/journeys.spec.ts:33:1 › mobile and zoom reflow (790ms)
  ✓  137 [webkit] › tests/journeys.spec.ts:56:1 › content remains browsable without JavaScript (504ms)
  ✓  136 [webkit] › tests/journeys.spec.ts:52:1 › static search can find current and historical content (567ms)
  ✓  138 [webkit] › tests/journeys.spec.ts:62:91 › rankings fresh (219ms)
  ✓  139 [webkit] › tests/journeys.spec.ts:62:91 › rankings stale (225ms)
  ✓  140 [webkit] › tests/journeys.spec.ts:62:91 › rankings empty (228ms)
  ✓  141 [webkit] › tests/journeys.spec.ts:62:91 › rankings invalid (224ms)
  ✓  142 [webkit] › tests/journeys.spec.ts:62:91 › rankings unavailable (227ms)
  ✓  143 [webkit] › tests/journeys.spec.ts:62:91 › rankings unsafe (229ms)
  ✓  145 [webkit] › tests/journeys.spec.ts:84:1 › search box has a visible label (230ms)
  ✓  144 [webkit] › tests/journeys.spec.ts:75:1 › dark mode follows the system and keeps the game look (341ms)
  ✓  146 [webkit] › tests/journeys.spec.ts:88:1 › phone navigation targets are thumb-sized (374ms)
  ✓  147 [webkit] › tests/journeys.spec.ts:95:1 › new player can understand the game and reach a practical first session (553ms)

  147 passed (36.0s)
